// Jest Snapshot v1, https://goo.gl/fbAQLP

exports[`Testing button rendered correctly Button rendered 1`] = `
<button
  className="btn"
  onClick={[Function]}
  type="button"
>
  AC
</button>
`;
