// Jest Snapshot v1, https://goo.gl/fbAQLP

exports[`Testing Calculator component Calculator component rendered 1`] = `
<div
  className="calculator"
>
  <h1>
    Lets Do Some Math!
  </h1>
  <div>
    <input
      className="calculator-input"
      data-testid="resultInput"
      disabled={true}
      value={0}
    />
    <div
      className="btns"
    >
      <button
        className="btn"
        onClick={[Function]}
        type="button"
      >
        AC
      </button>
      <button
        className="btn"
        onClick={[Function]}
        type="button"
      >
        +/-
      </button>
      <button
        className="btn"
        onClick={[Function]}
        type="button"
      >
        %
      </button>
      <button
        className="btn operator"
        onClick={[Function]}
        type="button"
      >
        รท
      </button>
      <button
        className="btn"
        onClick={[Function]}
        type="button"
      >
        7
      </button>
      <button
        className="btn"
        onClick={[Function]}
        type="button"
      >
        8
      </button>
      <button
        className="btn"
        onClick={[Function]}
        type="button"
      >
        9
      </button>
      <button
        className="btn operator"
        onClick={[Function]}
        type="button"
      >
        x
      </button>
      <button
        className="btn"
        onClick={[Function]}
        type="button"
      >
        4
      </button>
      <button
        className="btn"
        onClick={[Function]}
        type="button"
      >
        5
      </button>
      <button
        className="btn"
        onClick={[Function]}
        type="button"
      >
        6
      </button>
      <button
        className="btn operator"
        onClick={[Function]}
        type="button"
      >
        -
      </button>
      <button
        className="btn"
        onClick={[Function]}
        type="button"
      >
        1
      </button>
      <button
        className="btn"
        onClick={[Function]}
        type="button"
      >
        2
      </button>
      <button
        className="btn"
        onClick={[Function]}
        type="button"
      >
        3
      </button>
      <button
        className="btn operator"
        onClick={[Function]}
        type="button"
      >
        +
      </button>
      <button
        className="btn zero"
        onClick={[Function]}
        type="button"
      >
        0
      </button>
      <button
        className="btn"
        onClick={[Function]}
        type="button"
      >
        .
      </button>
      <button
        className="btn operator"
        onClick={[Function]}
        type="button"
      >
        =
      </button>
    </div>
  </div>
</div>
`;
