// Jest Snapshot v1, https://goo.gl/fbAQLP

exports[`Testing Component render correctly NavBar rendered correctly 1`] = `
<nav
  className="nav"
>
  <a
    className="logo"
    href="/"
    onClick={[Function]}
  >
    Math Magicians
  </a>
  <ul
    className="nav-items"
  >
    <li
      className="nav-item"
    >
      <a
        aria-current="page"
        className="active"
        href="/"
        onClick={[Function]}
      >
        Home
      </a>
    </li>
    <li
      className="nav-item"
    >
      <a
        className=""
        href="/calculator"
        onClick={[Function]}
      >
        Calculator
      </a>
    </li>
    <li
      className="nav-item"
    >
      <a
        className=""
        href="/quote"
        onClick={[Function]}
      >
        Quote
      </a>
    </li>
  </ul>
</nav>
`;
